cargo :     Checking backend v0.1.0 
(D:\Projects\Skoola\backend)
At line:1 char:1
+ cargo check 2> errors.txt
+ ~~~~~~~~~~~~~~~~~~~~~~~~~
    + CategoryInfo          : NotSpecified: (    Checking 
    ba...Skoola\backend):String) [], RemoteException
    + FullyQualifiedErrorId : NativeCommandError
 
warning: unused imports: `FeePaymentHistoryResponse` and 
`GradeFeeCollectionReport`
 --> src\handlers\fees.rs:3:333
  |
3 | ...tBalanceResponse, SendRemindersResponse, 
FeePaymentHistoryResponse, GradeFeeCollectionReport};
  |                                             
^^^^^^^^^^^^^^^^^^^^^^^^^  ^^^^^^^^^^^^^^^^^^^^^^^^
  |
  = note: `#[warn(unused_imports)]` (part of 
`#[warn(unused)]`) on by default

warning: value assigned to `message` is never read
  --> src\errors\mod.rs:50:9
   |
50 |     pub message: String,
   |         ^^^^^^^
   |
   = help: maybe it is overwritten before being read?
   = note: `#[warn(unused_assignments)]` (part of 
`#[warn(unused)]`) on by default

error[E0382]: use of partially moved value: `target`
   --> src\services\fees.rs:129:12
    |
123 |                 
fee_structures::frequency.eq(target.frequency),
    |                                              
---------------- value partially moved here
...
129 |         Ok(target)
    |            ^^^^^^ value used here after partial move
    |
    = note: partial move occurs because 
`target.frequency` has type `FeeFrequency`, which does 
not implement the `Copy` trait

For more information about this error, try `rustc 
--explain E0382`.
warning: `backend` (bin "backend") generated 2 warnings
error: could not compile `backend` (bin "backend") due to 
1 previous error; 2 warnings emitted
